2026-06-19 22:13:12 - INFO - The application started successfully.
2026-06-19 22:13:17 - INFO - page loaded successfully: https://www.safcodental.com/catalog/gloves
2026-06-19 22:13:17 - INFO - DOM loaded successfully
2026-06-19 22:13:17 - INFO - AFC is enabled with max remote calls: 10.
2026-06-19 22:13:23 - INFO - HTTP Request: POST https://generativelanguage.googleapis.com/v1beta/models/gemini-flash-latest:generateContent "HTTP/1.1 200 OK"
2026-06-19 22:13:23 - INFO - Categories retrieved: ['Chloroprene gloves', 'Glove Holder', 'Latex gloves', 'Nitrile gloves', 'Surgical gloves', 'Vinyl gloves']
2026-06-19 22:13:23 - INFO - --------------------------------------------
2026-06-19 22:13:23 - INFO - starting to process category: Chloroprene gloves
2026-06-19 22:13:23 - INFO - Category items loaded successfully: Chloroprene gloves
2026-06-19 22:13:23 - INFO - ---------
2026-06-19 22:13:23 - INFO - Processing categoryChloroprene gloves's itemhttps://www.safcodental.com/product/ocean-pacific-sup-reg-sup-neonatural-sup-trade-sup
2026-06-19 22:13:27 - INFO - product page loaded successfully: https://www.safcodental.com/product/ocean-pacific-sup-reg-sup-neonatural-sup-trade-sup
2026-06-19 22:13:27 - INFO - AFC is enabled with max remote calls: 10.
2026-06-19 22:13:34 - INFO - HTTP Request: POST https://generativelanguage.googleapis.com/v1beta/models/gemini-flash-latest:generateContent "HTTP/1.1 200 OK"
2026-06-19 22:13:35 - INFO - Item processed successfully
2026-06-19 22:13:35 - INFO - ---------
2026-06-19 22:13:35 - INFO - Processing categoryChloroprene gloves's itemhttps://www.safcodental.com/product/true-comfort-reg-blu
2026-06-19 22:13:38 - INFO - product page loaded successfully: https://www.safcodental.com/product/true-comfort-reg-blu
2026-06-19 22:13:38 - INFO - AFC is enabled with max remote calls: 10.
2026-06-19 22:13:49 - INFO - HTTP Request: POST https://generativelanguage.googleapis.com/v1beta/models/gemini-flash-latest:generateContent "HTTP/1.1 200 OK"
2026-06-19 22:13:49 - INFO - Item processed successfully
2026-06-19 22:13:50 - INFO - ---- Category processed successfully
2026-06-19 22:13:50 - INFO - --------------------------------------------
2026-06-19 22:13:50 - INFO - starting to process category: Glove Holder
2026-06-19 22:13:50 - INFO - Category items loaded successfully: Glove Holder
2026-06-19 22:13:50 - INFO - ---------
2026-06-19 22:13:50 - INFO - Processing categoryGlove Holder's itemhttps://www.safcodental.com/product/wire-glove-box-holder
2026-06-19 22:13:52 - INFO - product page loaded successfully: https://www.safcodental.com/product/wire-glove-box-holder
2026-06-19 22:13:52 - INFO - AFC is enabled with max remote calls: 10.
2026-06-19 22:13:59 - INFO - HTTP Request: POST https://generativelanguage.googleapis.com/v1beta/models/gemini-flash-latest:generateContent "HTTP/1.1 200 OK"
2026-06-19 22:13:59 - INFO - Item processed successfully
2026-06-19 22:14:00 - INFO - ---- Category processed successfully
2026-06-19 22:14:00 - INFO - -------- Done ---------
2026-06-19 22:58:54 - INFO - The application started successfully.
2026-06-19 22:59:00 - INFO - page loaded successfully: https://www.safcodental.com/catalog/gloves
2026-06-19 22:59:00 - INFO - Categories retrieved: ['Chloroprene gloves', 'Glove Holder', 'Latex gloves', 'Nitrile gloves', 'Surgical gloves', 'Vinyl gloves']
2026-06-19 22:59:00 - INFO - --------------------------------------------
2026-06-19 22:59:00 - INFO - starting to process category: Latex gloves
2026-06-19 22:59:01 - INFO - Category items for the page loaded successfully: Latex gloves
2026-06-19 22:59:01 - INFO - ---------
2026-06-19 22:59:01 - INFO - Processing categoryLatex gloves's itemhttps://www.safcodental.com/product/aurelia-reg-vibrant-trade
2026-06-19 22:59:05 - INFO - product page loaded successfully: https://www.safcodental.com/product/aurelia-reg-vibrant-trade
2026-06-19 22:59:05 - INFO - Item processed successfully
2026-06-19 22:59:05 - INFO - page processed successfully
2026-06-19 22:59:15 - INFO - The application started successfully.
2026-06-19 22:59:17 - INFO - page loaded successfully: https://www.safcodental.com/catalog/gloves
2026-06-19 22:59:17 - INFO - Categories retrieved: ['Chloroprene gloves', 'Glove Holder', 'Latex gloves', 'Nitrile gloves', 'Surgical gloves', 'Vinyl gloves']
2026-06-19 22:59:17 - INFO - --------------------------------------------
2026-06-19 22:59:17 - INFO - starting to process category: Latex gloves
2026-06-19 22:59:18 - INFO - Category items for the page loaded successfully: Latex gloves
2026-06-19 22:59:18 - INFO - ---------
2026-06-19 22:59:18 - INFO - Processing categoryLatex gloves's itemhttps://www.safcodental.com/product/aurelia-reg-vibrant-trade
2026-06-19 22:59:20 - INFO - product page loaded successfully: https://www.safcodental.com/product/aurelia-reg-vibrant-trade
2026-06-19 22:59:21 - INFO - Item processed successfully
2026-06-19 22:59:21 - INFO - page processed successfully
2026-06-19 23:02:37 - INFO - The application started successfully.
2026-06-19 23:02:41 - INFO - page loaded successfully: https://www.safcodental.com/catalog/gloves
2026-06-19 23:02:41 - INFO - Categories retrieved: ['Chloroprene gloves', 'Glove Holder', 'Latex gloves', 'Nitrile gloves', 'Surgical gloves', 'Vinyl gloves']
2026-06-19 23:02:41 - INFO - --------------------------------------------
2026-06-19 23:02:41 - INFO - starting to process category: Latex gloves
2026-06-19 23:02:42 - INFO - Category items for the page loaded successfully: Latex gloves
2026-06-19 23:02:42 - INFO - ---------
2026-06-19 23:02:42 - INFO - Processing categoryLatex gloves's itemhttps://www.safcodental.com/product/aurelia-reg-vibrant-trade
2026-06-19 23:02:46 - INFO - product page loaded successfully: https://www.safcodental.com/product/aurelia-reg-vibrant-trade
2026-06-19 23:02:47 - INFO - Item processed successfully
2026-06-19 23:02:47 - INFO - page processed successfully
2026-06-19 23:04:16 - INFO - The application started successfully.
2026-06-19 23:04:21 - INFO - page loaded successfully: https://www.safcodental.com/catalog/gloves
2026-06-19 23:04:21 - INFO - Categories retrieved: ['Chloroprene gloves', 'Glove Holder', 'Latex gloves', 'Nitrile gloves', 'Surgical gloves', 'Vinyl gloves']
2026-06-19 23:04:21 - INFO - --------------------------------------------
2026-06-19 23:04:21 - INFO - starting to process category: Latex gloves
2026-06-19 23:04:22 - INFO - Category items for the page loaded successfully: Latex gloves
2026-06-19 23:04:22 - INFO - ---------
2026-06-19 23:04:22 - INFO - Processing categoryLatex gloves's itemhttps://www.safcodental.com/product/aurelia-reg-vibrant-trade
2026-06-19 23:04:24 - INFO - product page loaded successfully: https://www.safcodental.com/product/aurelia-reg-vibrant-trade
2026-06-19 23:04:25 - INFO - Item processed successfully
2026-06-19 23:04:25 - INFO - page processed successfully
2026-06-19 23:04:38 - INFO - The application started successfully.
2026-06-19 23:04:40 - INFO - page loaded successfully: https://www.safcodental.com/catalog/gloves
2026-06-19 23:04:40 - INFO - Categories retrieved: ['Chloroprene gloves', 'Glove Holder', 'Latex gloves', 'Nitrile gloves', 'Surgical gloves', 'Vinyl gloves']
2026-06-19 23:04:40 - INFO - --------------------------------------------
2026-06-19 23:04:40 - INFO - starting to process category: Latex gloves
2026-06-19 23:04:41 - INFO - Category items for the page loaded successfully: Latex gloves
2026-06-19 23:04:41 - INFO - ---------
2026-06-19 23:04:41 - INFO - Processing categoryLatex gloves's itemhttps://www.safcodental.com/product/aurelia-reg-vibrant-trade
2026-06-19 23:04:43 - INFO - product page loaded successfully: https://www.safcodental.com/product/aurelia-reg-vibrant-trade
2026-06-19 23:04:44 - INFO - Item processed successfully
2026-06-19 23:04:44 - INFO - page processed successfully
2026-06-19 23:04:44 - INFO - Category items for the page loaded successfully: Latex gloves
2026-06-19 23:04:44 - INFO - ---------
2026-06-19 23:04:44 - INFO - Processing categoryLatex gloves's itemhttps://www.safcodental.com/product/pulse-trade-latex
2026-06-19 23:04:48 - INFO - product page loaded successfully: https://www.safcodental.com/product/pulse-trade-latex
2026-06-19 23:04:48 - INFO - Item processed successfully
2026-06-19 23:04:48 - INFO - page processed successfully
2026-06-19 23:04:49 - INFO - ---- Category processed successfully
2026-06-19 23:04:49 - INFO - -------- Done ---------
2026-06-19 23:06:26 - INFO - The application started successfully.
2026-06-19 23:06:29 - INFO - page loaded successfully: https://www.safcodental.com/catalog/gloves
2026-06-19 23:06:29 - INFO - Categories retrieved: ['Chloroprene gloves', 'Glove Holder', 'Latex gloves', 'Nitrile gloves', 'Surgical gloves', 'Vinyl gloves']
2026-06-19 23:06:29 - INFO - --------------------------------------------
2026-06-19 23:06:29 - INFO - starting to process category: Glove Holder
2026-06-19 23:06:30 - INFO - Category items for the page loaded successfully: Glove Holder
2026-06-19 23:06:30 - INFO - ---------
2026-06-19 23:06:30 - INFO - Processing categoryGlove Holder's item: https://www.safcodental.com/product/wire-glove-box-holder
2026-06-19 23:06:34 - INFO - product page loaded successfully: https://www.safcodental.com/product/wire-glove-box-holder
2026-06-19 23:06:34 - INFO - Item processed successfully
2026-06-19 23:06:34 - INFO - page processed successfully
2026-06-19 23:06:35 - INFO - ---- Category processed successfully
2026-06-19 23:06:35 - INFO - --------------------------------------------
2026-06-19 23:06:35 - INFO - starting to process category: Latex gloves
2026-06-19 23:06:35 - INFO - Category items for the page loaded successfully: Latex gloves
2026-06-19 23:06:35 - INFO - ---------
2026-06-19 23:06:35 - INFO - Processing categoryLatex gloves's item: https://www.safcodental.com/product/aurelia-reg-vibrant-trade
2026-06-19 23:06:38 - INFO - product page loaded successfully: https://www.safcodental.com/product/aurelia-reg-vibrant-trade
2026-06-19 23:06:38 - INFO - Item processed successfully
2026-06-19 23:06:38 - INFO - page processed successfully
2026-06-19 23:12:48 - INFO - The application started successfully.
2026-06-19 23:12:51 - INFO - page loaded successfully: https://www.safcodental.com/catalog/gloves
2026-06-19 23:12:51 - INFO - Categories retrieved: ['Chloroprene gloves', 'Glove Holder', 'Latex gloves', 'Nitrile gloves', 'Surgical gloves', 'Vinyl gloves']
2026-06-19 23:12:51 - INFO - --------------------------------------------
2026-06-19 23:12:51 - INFO - starting to process category: Glove Holder
2026-06-19 23:12:52 - INFO - Category items for the page loaded successfully: Glove Holder
2026-06-19 23:12:52 - INFO - ---------
2026-06-19 23:12:52 - INFO - Processing categoryGlove Holder's item: https://www.safcodental.com/product/wire-glove-box-holder
2026-06-19 23:12:54 - INFO - product page loaded successfully: https://www.safcodental.com/product/wire-glove-box-holder
2026-06-19 23:12:55 - INFO - Item processed successfully
2026-06-19 23:12:55 - INFO - page processed successfully
2026-06-19 23:12:56 - INFO - ---- Category processed successfully
2026-06-19 23:12:56 - INFO - --------------------------------------------
2026-06-19 23:12:56 - INFO - starting to process category: Latex gloves
2026-06-19 23:12:56 - INFO - Category items for the page loaded successfully: Latex gloves
2026-06-19 23:12:56 - INFO - ---------
2026-06-19 23:12:56 - INFO - Processing categoryLatex gloves's item: https://www.safcodental.com/product/aurelia-reg-vibrant-trade
2026-06-19 23:12:59 - INFO - product page loaded successfully: https://www.safcodental.com/product/aurelia-reg-vibrant-trade
2026-06-19 23:12:59 - INFO - Item processed successfully
2026-06-19 23:12:59 - INFO - ---------
2026-06-19 23:12:59 - INFO - Processing categoryLatex gloves's item: https://www.safcodental.com/product/aurelia-reg-distinct-reg
2026-06-19 23:13:02 - INFO - product page loaded successfully: https://www.safcodental.com/product/aurelia-reg-distinct-reg
2026-06-19 23:13:03 - INFO - Item processed successfully
2026-06-19 23:13:03 - INFO - page processed successfully
2026-06-19 23:20:41 - INFO - The application started successfully.
2026-06-19 23:20:44 - INFO - page loaded successfully: https://www.safcodental.com/catalog/gloves
2026-06-19 23:20:44 - INFO - Categories retrieved: ['Chloroprene gloves', 'Glove Holder', 'Latex gloves', 'Nitrile gloves', 'Surgical gloves', 'Vinyl gloves']
2026-06-19 23:20:44 - INFO - --------------------------------------------
2026-06-19 23:20:44 - INFO - starting to process category: Glove Holder
2026-06-19 23:20:45 - INFO - Category items for the page loaded successfully: Glove Holder
2026-06-19 23:20:45 - INFO - ---------
2026-06-19 23:20:45 - INFO - Processing category Glove Holder's item: https://www.safcodental.com/product/wire-glove-box-holder
2026-06-19 23:20:48 - INFO - product page loaded successfully: https://www.safcodental.com/product/wire-glove-box-holder
2026-06-19 23:20:48 - INFO - Item processed successfully
2026-06-19 23:20:48 - INFO - page processed successfully
2026-06-19 23:20:49 - INFO - ---- Category processed successfully
2026-06-19 23:20:49 - INFO - --------------------------------------------
2026-06-19 23:20:49 - INFO - starting to process category: Latex gloves
2026-06-19 23:20:49 - INFO - Category items for the page loaded successfully: Latex gloves
2026-06-19 23:20:49 - INFO - ---------
2026-06-19 23:20:49 - INFO - Processing category Latex gloves's item: https://www.safcodental.com/product/aurelia-reg-vibrant-trade
2026-06-19 23:20:51 - INFO - product page loaded successfully: https://www.safcodental.com/product/aurelia-reg-vibrant-trade
2026-06-19 23:20:52 - INFO - Item processed successfully
2026-06-19 23:20:52 - INFO - ---------
2026-06-19 23:20:52 - INFO - Processing category Latex gloves's item: https://www.safcodental.com/product/aurelia-reg-distinct-reg
2026-06-19 23:20:55 - INFO - product page loaded successfully: https://www.safcodental.com/product/aurelia-reg-distinct-reg
2026-06-19 23:20:55 - INFO - Item processed successfully
2026-06-19 23:20:55 - INFO - page processed successfully
2026-06-19 23:21:49 - INFO - The application started successfully.
2026-06-19 23:21:54 - INFO - page loaded successfully: https://www.safcodental.com/catalog/gloves
2026-06-19 23:21:54 - INFO - Categories retrieved: ['Chloroprene gloves', 'Glove Holder', 'Latex gloves', 'Nitrile gloves', 'Surgical gloves', 'Vinyl gloves']
2026-06-19 23:21:54 - INFO - --------------------------------------------
2026-06-19 23:21:54 - INFO - starting to process category: Glove Holder
2026-06-19 23:21:55 - INFO - Category items for the page loaded successfully: Glove Holder
2026-06-19 23:21:55 - INFO - ---------
2026-06-19 23:21:55 - INFO - Processing category Glove Holder's item: https://www.safcodental.com/product/wire-glove-box-holder
2026-06-19 23:21:58 - INFO - product page loaded successfully: https://www.safcodental.com/product/wire-glove-box-holder
2026-06-19 23:21:59 - INFO - Item processed successfully
2026-06-19 23:21:59 - INFO - page processed successfully
2026-06-19 23:21:59 - INFO - ---- Category processed successfully
2026-06-19 23:21:59 - INFO - --------------------------------------------
2026-06-19 23:21:59 - INFO - starting to process category: Latex gloves
2026-06-19 23:22:00 - INFO - Category items for the page loaded successfully: Latex gloves
2026-06-19 23:22:00 - INFO - ---------
2026-06-19 23:22:00 - INFO - Processing category Latex gloves's item: https://www.safcodental.com/product/aurelia-reg-vibrant-trade
2026-06-19 23:22:03 - INFO - product page loaded successfully: https://www.safcodental.com/product/aurelia-reg-vibrant-trade
2026-06-19 23:22:03 - INFO - Item processed successfully
2026-06-19 23:22:03 - INFO - ---------
2026-06-19 23:22:03 - INFO - Processing category Latex gloves's item: https://www.safcodental.com/product/aurelia-reg-distinct-reg
2026-06-19 23:22:05 - INFO - product page loaded successfully: https://www.safcodental.com/product/aurelia-reg-distinct-reg
2026-06-19 23:22:06 - INFO - Item processed successfully
2026-06-19 23:22:06 - INFO - page processed successfully
2026-06-19 23:23:23 - INFO - The application started successfully.
2026-06-19 23:23:26 - INFO - page loaded successfully: https://www.safcodental.com/catalog/gloves
2026-06-19 23:23:26 - INFO - Categories retrieved: ['Chloroprene gloves', 'Glove Holder', 'Latex gloves', 'Nitrile gloves', 'Surgical gloves', 'Vinyl gloves']
2026-06-19 23:23:26 - INFO - --------------------------------------------
2026-06-19 23:23:26 - INFO - starting to process category: Glove Holder
2026-06-19 23:23:27 - INFO - Category items for the page loaded successfully: Glove Holder
2026-06-19 23:23:27 - INFO - ---------
2026-06-19 23:23:27 - INFO - Processing category Glove Holder's item: https://www.safcodental.com/product/wire-glove-box-holder
2026-06-19 23:23:31 - INFO - product page loaded successfully: https://www.safcodental.com/product/wire-glove-box-holder
2026-06-19 23:23:31 - INFO - Item processed successfully
2026-06-19 23:23:31 - INFO - page processed successfully
2026-06-19 23:23:32 - INFO - ---- Category processed successfully
2026-06-19 23:23:32 - INFO - --------------------------------------------
2026-06-19 23:23:32 - INFO - starting to process category: Latex gloves
2026-06-19 23:23:32 - INFO - Category items for the page loaded successfully: Latex gloves
2026-06-19 23:23:32 - INFO - ---------
2026-06-19 23:23:32 - INFO - Processing category Latex gloves's item: https://www.safcodental.com/product/aurelia-reg-vibrant-trade
2026-06-19 23:23:34 - INFO - product page loaded successfully: https://www.safcodental.com/product/aurelia-reg-vibrant-trade
2026-06-19 23:23:35 - INFO - Item processed successfully
2026-06-19 23:23:35 - INFO - ---------
2026-06-19 23:23:35 - INFO - Processing category Latex gloves's item: https://www.safcodental.com/product/aurelia-reg-distinct-reg
2026-06-19 23:23:37 - INFO - product page loaded successfully: https://www.safcodental.com/product/aurelia-reg-distinct-reg
2026-06-19 23:23:38 - INFO - Item processed successfully
2026-06-19 23:23:38 - INFO - ---------
2026-06-19 23:23:38 - INFO - Processing category Latex gloves's item: https://www.safcodental.com/product/aurelia-reg-refresh-reg
2026-06-19 23:23:40 - INFO - product page loaded successfully: https://www.safcodental.com/product/aurelia-reg-refresh-reg
2026-06-19 23:23:41 - INFO - Item processed successfully
2026-06-19 23:23:41 - INFO - ---------
2026-06-19 23:23:41 - INFO - Processing category Latex gloves's item: https://www.safcodental.com/product/safco-durasoft-trade-latex-gloves
2026-06-19 23:23:44 - INFO - product page loaded successfully: https://www.safcodental.com/product/safco-durasoft-trade-latex-gloves
2026-06-19 23:23:45 - INFO - Item processed successfully
2026-06-19 23:23:45 - INFO - ---------
2026-06-19 23:23:45 - INFO - Processing category Latex gloves's item: https://www.safcodental.com/product/essential-textured
2026-06-19 23:23:48 - INFO - product page loaded successfully: https://www.safcodental.com/product/essential-textured
2026-06-19 23:23:49 - INFO - Item processed successfully
2026-06-19 23:23:49 - INFO - ---------
2026-06-19 23:23:49 - INFO - Processing category Latex gloves's item: https://www.safcodental.com/product/cyntek-reg
2026-06-19 23:23:51 - INFO - product page loaded successfully: https://www.safcodental.com/product/cyntek-reg
2026-06-19 23:23:51 - INFO - Item processed successfully
2026-06-19 23:23:51 - INFO - ---------
2026-06-19 23:23:51 - INFO - Processing category Latex gloves's item: https://www.safcodental.com/product/sigma-reg
2026-06-19 23:23:55 - INFO - product page loaded successfully: https://www.safcodental.com/product/sigma-reg
2026-06-19 23:23:56 - INFO - Item processed successfully
2026-06-19 23:23:56 - INFO - ---------
2026-06-19 23:23:56 - INFO - Processing category Latex gloves's item: https://www.safcodental.com/product/microflex-reg-diamond-grip-plus-trade
2026-06-19 23:23:59 - INFO - product page loaded successfully: https://www.safcodental.com/product/microflex-reg-diamond-grip-plus-trade
2026-06-19 23:24:00 - INFO - Item processed successfully
2026-06-19 23:24:00 - INFO - ---------
2026-06-19 23:24:00 - INFO - Processing category Latex gloves's item: https://www.safcodental.com/product/silkcare-reg
2026-06-19 23:24:02 - INFO - product page loaded successfully: https://www.safcodental.com/product/silkcare-reg
2026-06-19 23:24:02 - INFO - Item processed successfully
2026-06-19 23:24:03 - INFO - ---------
2026-06-19 23:24:03 - INFO - Processing category Latex gloves's item: https://www.safcodental.com/product/proderm-trade
2026-06-19 23:24:06 - INFO - product page loaded successfully: https://www.safcodental.com/product/proderm-trade
2026-06-19 23:24:06 - INFO - Item processed successfully
2026-06-19 23:24:06 - INFO - ---------
2026-06-19 23:24:06 - INFO - Processing category Latex gloves's item: https://www.safcodental.com/product/polymed-reg
2026-06-19 23:24:10 - INFO - product page loaded successfully: https://www.safcodental.com/product/polymed-reg
2026-06-19 23:24:10 - INFO - Item processed successfully
2026-06-19 23:24:10 - INFO - ---------
2026-06-19 23:24:10 - INFO - Processing category Latex gloves's item: https://www.safcodental.com/product/beesure-reg-latex
2026-06-19 23:24:13 - INFO - product page loaded successfully: https://www.safcodental.com/product/beesure-reg-latex
2026-06-19 23:24:13 - INFO - Item processed successfully
2026-06-19 23:24:13 - INFO - ---------
2026-06-19 23:24:13 - INFO - Processing category Latex gloves's item: https://www.safcodental.com/product/blossom-reg
2026-06-19 23:24:17 - INFO - product page loaded successfully: https://www.safcodental.com/product/blossom-reg
2026-06-19 23:24:17 - INFO - Item processed successfully
2026-06-19 23:24:17 - INFO - ---------
2026-06-19 23:24:17 - INFO - Processing category Latex gloves's item: https://www.safcodental.com/product/vitalgard-reg
2026-06-19 23:24:20 - INFO - product page loaded successfully: https://www.safcodental.com/product/vitalgard-reg
2026-06-19 23:24:20 - INFO - Item processed successfully
2026-06-19 23:24:20 - INFO - ---------
2026-06-19 23:24:20 - INFO - Processing category Latex gloves's item: https://www.safcodental.com/product/microflex-reg-comfortgrip-trade
2026-06-19 23:24:23 - INFO - product page loaded successfully: https://www.safcodental.com/product/microflex-reg-comfortgrip-trade
2026-06-19 23:24:23 - INFO - Item processed successfully
2026-06-19 23:24:23 - INFO - page processed successfully
2026-06-19 23:32:56 - INFO - The application started successfully.
2026-06-19 23:32:59 - INFO - page loaded successfully: https://www.safcodental.com/catalog/gloves
2026-06-19 23:33:00 - INFO - DOM loaded successfully
2026-06-19 23:33:00 - INFO - AFC is enabled with max remote calls: 10.
2026-06-19 23:33:05 - INFO - HTTP Request: POST https://generativelanguage.googleapis.com/v1beta/models/gemini-flash-latest:generateContent "HTTP/1.1 200 OK"
2026-06-19 23:33:05 - INFO - Categories retrieved: ['Chloroprene gloves', 'Glove Holder', 'Latex gloves', 'Nitrile gloves', 'Surgical gloves', 'Vinyl gloves']
2026-06-19 23:33:05 - INFO - --------------------------------------------
2026-06-19 23:33:05 - INFO - starting to process category: Glove Holder
2026-06-19 23:33:06 - INFO - Category items for the page loaded successfully: Glove Holder
2026-06-19 23:33:06 - INFO - ---------
2026-06-19 23:33:06 - INFO - Processing category Glove Holder's item: https://www.safcodental.com/product/wire-glove-box-holder
2026-06-19 23:33:08 - INFO - product page loaded successfully: https://www.safcodental.com/product/wire-glove-box-holder
2026-06-19 23:33:08 - INFO - AFC is enabled with max remote calls: 10.
2026-06-19 23:33:18 - INFO - HTTP Request: POST https://generativelanguage.googleapis.com/v1beta/models/gemini-flash-latest:generateContent "HTTP/1.1 200 OK"
2026-06-19 23:33:18 - INFO - Item processed successfully
2026-06-19 23:33:18 - INFO - page processed successfully
2026-06-19 23:33:19 - INFO - ---- Category processed successfully
2026-06-19 23:33:19 - INFO - --------------------------------------------
2026-06-19 23:33:19 - INFO - starting to process category: Latex gloves
2026-06-19 23:33:19 - INFO - Category items for the page loaded successfully: Latex gloves
2026-06-19 23:33:19 - INFO - ---------
2026-06-19 23:33:19 - INFO - Processing category Latex gloves's item: https://www.safcodental.com/product/aurelia-reg-vibrant-trade
2026-06-19 23:33:22 - INFO - product page loaded successfully: https://www.safcodental.com/product/aurelia-reg-vibrant-trade
2026-06-19 23:33:22 - INFO - AFC is enabled with max remote calls: 10.
2026-06-19 23:33:27 - INFO - HTTP Request: POST https://generativelanguage.googleapis.com/v1beta/models/gemini-flash-latest:generateContent "HTTP/1.1 200 OK"
2026-06-19 23:33:27 - INFO - Item processed successfully
2026-06-19 23:33:27 - INFO - page processed successfully
2026-06-19 23:33:28 - INFO - ---- Category processed successfully
2026-06-19 23:33:28 - INFO - --------------------------------------------
2026-06-19 23:33:28 - INFO - starting to process category: Nitrile gloves
2026-06-19 23:33:28 - INFO - Category items for the page loaded successfully: Nitrile gloves
2026-06-19 23:33:28 - INFO - ---------
2026-06-19 23:33:28 - INFO - Processing category Nitrile gloves's item: https://www.safcodental.com/product/aquasoft
2026-06-19 23:33:32 - INFO - product page loaded successfully: https://www.safcodental.com/product/aquasoft
2026-06-19 23:33:32 - INFO - AFC is enabled with max remote calls: 10.
2026-06-19 23:33:39 - INFO - HTTP Request: POST https://generativelanguage.googleapis.com/v1beta/models/gemini-flash-latest:generateContent "HTTP/1.1 200 OK"
2026-06-19 23:33:39 - INFO - Item processed successfully
2026-06-19 23:33:39 - INFO - page processed successfully
2026-06-19 23:33:40 - INFO - ---- Category processed successfully
2026-06-19 23:33:40 - INFO - -------- Done ---------
2026-06-19 23:39:41 - INFO - The application started successfully.
2026-06-19 23:39:44 - INFO - page loaded successfully: https://www.safcodental.com/catalog/gloves
2026-06-19 23:39:44 - INFO - DOM loaded successfully
2026-06-19 23:39:44 - INFO - AFC is enabled with max remote calls: 10.
2026-06-19 23:39:50 - INFO - HTTP Request: POST https://generativelanguage.googleapis.com/v1beta/models/gemini-flash-latest:generateContent "HTTP/1.1 200 OK"
2026-06-19 23:39:50 - INFO - Categories retrieved: ['Chloroprene gloves', 'Glove Holder', 'Latex gloves', 'Nitrile gloves', 'Surgical gloves', 'Vinyl gloves']
2026-06-19 23:39:50 - INFO - --------------------------------------------
2026-06-19 23:39:50 - INFO - starting to process category: Chloroprene gloves
2026-06-19 23:39:51 - INFO - Category items for the page loaded successfully: Chloroprene gloves
2026-06-19 23:39:51 - INFO - ---------
2026-06-19 23:39:51 - INFO - Processing category Chloroprene gloves's item: https://www.safcodental.com/product/ocean-pacific-sup-reg-sup-neonatural-sup-trade-sup
2026-06-19 23:39:54 - INFO - product page loaded successfully: https://www.safcodental.com/product/ocean-pacific-sup-reg-sup-neonatural-sup-trade-sup
2026-06-19 23:39:54 - INFO - AFC is enabled with max remote calls: 10.
2026-06-19 23:39:55 - INFO - HTTP Request: POST https://generativelanguage.googleapis.com/v1beta/models/gemini-flash-latest:generateContent "HTTP/1.1 429 Too Many Requests"
2026-06-19 23:42:29 - INFO - The application started successfully.
2026-06-19 23:42:32 - INFO - page loaded successfully: https://www.safcodental.com/catalog/gloves
2026-06-19 23:42:33 - INFO - DOM loaded successfully
2026-06-19 23:42:33 - INFO - AFC is enabled with max remote calls: 10.
2026-06-19 23:42:33 - INFO - HTTP Request: POST https://generativelanguage.googleapis.com/v1beta/models/gemini-flash-latest:generateContent "HTTP/1.1 429 Too Many Requests"
2026-06-19 23:44:40 - INFO - The application started successfully.
2026-06-19 23:44:43 - INFO - page loaded successfully: https://www.safcodental.com/catalog/gloves
2026-06-19 23:44:44 - INFO - DOM loaded successfully
2026-06-19 23:44:44 - INFO - AFC is enabled with max remote calls: 10.
2026-06-19 23:44:49 - INFO - HTTP Request: POST https://generativelanguage.googleapis.com/v1beta/models/gemini-flash-latest:generateContent "HTTP/1.1 200 OK"
2026-06-19 23:44:49 - INFO - Categories retrieved: ['Chloroprene gloves', 'Glove Holder', 'Latex gloves', 'Nitrile gloves', 'Surgical gloves', 'Vinyl gloves']
2026-06-19 23:44:49 - INFO - --------------------------------------------
2026-06-19 23:44:49 - INFO - starting to process category: Chloroprene gloves
2026-06-19 23:44:50 - INFO - Category items for the page loaded successfully: Chloroprene gloves
2026-06-19 23:44:50 - INFO - ---------
2026-06-19 23:44:50 - INFO - Processing category Chloroprene gloves's item: https://www.safcodental.com/product/ocean-pacific-sup-reg-sup-neonatural-sup-trade-sup
2026-06-19 23:44:52 - INFO - product page loaded successfully: https://www.safcodental.com/product/ocean-pacific-sup-reg-sup-neonatural-sup-trade-sup
2026-06-19 23:44:53 - INFO - AFC is enabled with max remote calls: 10.
2026-06-19 23:45:00 - INFO - HTTP Request: POST https://generativelanguage.googleapis.com/v1beta/models/gemini-flash-latest:generateContent "HTTP/1.1 200 OK"
2026-06-19 23:45:00 - INFO - Item processed successfully
2026-06-19 23:45:00 - INFO - ---------
2026-06-19 23:45:00 - INFO - Processing category Chloroprene gloves's item: https://www.safcodental.com/product/true-comfort-reg-blu
2026-06-19 23:45:02 - INFO - product page loaded successfully: https://www.safcodental.com/product/true-comfort-reg-blu
2026-06-19 23:45:03 - INFO - AFC is enabled with max remote calls: 10.
2026-06-19 23:45:10 - INFO - HTTP Request: POST https://generativelanguage.googleapis.com/v1beta/models/gemini-flash-latest:generateContent "HTTP/1.1 200 OK"
2026-06-19 23:45:11 - INFO - Item processed successfully
2026-06-19 23:45:11 - INFO - ---------
2026-06-19 23:45:11 - INFO - Processing category Chloroprene gloves's item: https://www.safcodental.com/product/microflex-sup-reg-sup-neogard-sup-reg-sup
2026-06-19 23:45:14 - INFO - product page loaded successfully: https://www.safcodental.com/product/microflex-sup-reg-sup-neogard-sup-reg-sup
2026-06-19 23:45:15 - INFO - AFC is enabled with max remote calls: 10.
2026-06-19 23:45:28 - INFO - HTTP Request: POST https://generativelanguage.googleapis.com/v1beta/models/gemini-flash-latest:generateContent "HTTP/1.1 200 OK"
2026-06-19 23:45:28 - INFO - Item processed successfully
2026-06-19 23:45:28 - INFO - ---------
2026-06-19 23:45:28 - INFO - Processing category Chloroprene gloves's item: https://www.safcodental.com/product/safco-ez-green-chloroprene
2026-06-19 23:45:32 - INFO - product page loaded successfully: https://www.safcodental.com/product/safco-ez-green-chloroprene
2026-06-19 23:45:32 - INFO - AFC is enabled with max remote calls: 10.
2026-06-19 23:45:41 - INFO - HTTP Request: POST https://generativelanguage.googleapis.com/v1beta/models/gemini-flash-latest:generateContent "HTTP/1.1 200 OK"
2026-06-19 23:45:41 - INFO - Item processed successfully
2026-06-19 23:45:41 - INFO - ---------
2026-06-19 23:45:41 - INFO - Processing category Chloroprene gloves's item: https://www.safcodental.com/product/microflex-sup-reg-sup-neogard-trade-touch
2026-06-19 23:45:45 - INFO - product page loaded successfully: https://www.safcodental.com/product/microflex-sup-reg-sup-neogard-trade-touch
2026-06-19 23:45:45 - INFO - AFC is enabled with max remote calls: 10.
2026-06-19 23:45:53 - INFO - HTTP Request: POST https://generativelanguage.googleapis.com/v1beta/models/gemini-flash-latest:generateContent "HTTP/1.1 200 OK"
2026-06-19 23:45:53 - INFO - Item processed successfully
2026-06-19 23:45:53 - INFO - ---------
2026-06-19 23:45:53 - INFO - Processing category Chloroprene gloves's item: https://www.safcodental.com/product/aquaprene-reg
2026-06-19 23:45:57 - INFO - product page loaded successfully: https://www.safcodental.com/product/aquaprene-reg
2026-06-19 23:45:57 - INFO - AFC is enabled with max remote calls: 10.
2026-06-19 23:46:04 - INFO - HTTP Request: POST https://generativelanguage.googleapis.com/v1beta/models/gemini-flash-latest:generateContent "HTTP/1.1 200 OK"
2026-06-19 23:46:04 - INFO - Item processed successfully
2026-06-19 23:46:04 - INFO - ---------
2026-06-19 23:46:04 - INFO - Processing category Chloroprene gloves's item: https://www.safcodental.com/product/beesure-reg-neogrene-trade
2026-06-19 23:46:08 - INFO - product page loaded successfully: https://www.safcodental.com/product/beesure-reg-neogrene-trade
2026-06-19 23:46:08 - INFO - AFC is enabled with max remote calls: 10.
2026-06-19 23:46:15 - INFO - HTTP Request: POST https://generativelanguage.googleapis.com/v1beta/models/gemini-flash-latest:generateContent "HTTP/1.1 200 OK"
2026-06-19 23:46:16 - INFO - Item processed successfully
2026-06-19 23:46:16 - INFO - ---------
2026-06-19 23:46:16 - INFO - Processing category Chloroprene gloves's item: https://www.safcodental.com/product/microflex-sup-reg-sup-neosoft-trade
2026-06-19 23:46:19 - INFO - product page loaded successfully: https://www.safcodental.com/product/microflex-sup-reg-sup-neosoft-trade
2026-06-19 23:46:19 - INFO - AFC is enabled with max remote calls: 10.
2026-06-19 23:46:25 - INFO - HTTP Request: POST https://generativelanguage.googleapis.com/v1beta/models/gemini-flash-latest:generateContent "HTTP/1.1 200 OK"
2026-06-19 23:46:25 - INFO - Item processed successfully
2026-06-19 23:46:25 - INFO - ---------
2026-06-19 23:46:25 - INFO - Processing category Chloroprene gloves's item: https://www.safcodental.com/product/flexaprene-green
2026-06-19 23:46:29 - INFO - product page loaded successfully: https://www.safcodental.com/product/flexaprene-green
2026-06-19 23:46:29 - INFO - AFC is enabled with max remote calls: 10.
2026-06-19 23:46:39 - INFO - HTTP Request: POST https://generativelanguage.googleapis.com/v1beta/models/gemini-flash-latest:generateContent "HTTP/1.1 200 OK"
2026-06-19 23:46:40 - INFO - Item processed successfully
2026-06-19 23:46:40 - INFO - ---------
2026-06-19 23:46:40 - INFO - Processing category Chloroprene gloves's item: https://www.safcodental.com/product/micro-touch-sup-reg-sup-affinity-sup-reg-sup
2026-06-19 23:46:43 - INFO - product page loaded successfully: https://www.safcodental.com/product/micro-touch-sup-reg-sup-affinity-sup-reg-sup
2026-06-19 23:46:43 - INFO - AFC is enabled with max remote calls: 10.
2026-06-19 23:47:01 - INFO - HTTP Request: POST https://generativelanguage.googleapis.com/v1beta/models/gemini-flash-latest:generateContent "HTTP/1.1 200 OK"
2026-06-19 23:47:02 - INFO - Item processed successfully
2026-06-19 23:47:02 - INFO - ---------
2026-06-19 23:47:02 - INFO - Processing category Chloroprene gloves's item: https://www.safcodental.com/product/microflex-sup-reg-sup-neopro-sup-reg-sup
2026-06-19 23:47:08 - INFO - product page loaded successfully: https://www.safcodental.com/product/microflex-sup-reg-sup-neopro-sup-reg-sup
2026-06-19 23:47:08 - INFO - AFC is enabled with max remote calls: 10.
2026-06-19 23:47:15 - INFO - HTTP Request: POST https://generativelanguage.googleapis.com/v1beta/models/gemini-flash-latest:generateContent "HTTP/1.1 200 OK"
2026-06-19 23:47:16 - INFO - Item processed successfully
2026-06-19 23:47:16 - INFO - ---------
2026-06-19 23:47:16 - INFO - Processing category Chloroprene gloves's item: https://www.safcodental.com/product/nuvo-trade-drdae
2026-06-19 23:47:20 - INFO - product page loaded successfully: https://www.safcodental.com/product/nuvo-trade-drdae
2026-06-19 23:47:20 - INFO - AFC is enabled with max remote calls: 10.
2026-06-19 23:47:27 - INFO - HTTP Request: POST https://generativelanguage.googleapis.com/v1beta/models/gemini-flash-latest:generateContent "HTTP/1.1 200 OK"
2026-06-19 23:47:27 - INFO - Item processed successfully
2026-06-19 23:47:27 - INFO - page processed successfully
2026-06-19 23:47:28 - INFO - ---- Category processed successfully
2026-06-19 23:47:28 - INFO - --------------------------------------------
2026-06-19 23:47:28 - INFO - starting to process category: Glove Holder
2026-06-19 23:47:29 - INFO - Category items for the page loaded successfully: Glove Holder
2026-06-19 23:47:29 - INFO - ---------
2026-06-19 23:47:29 - INFO - Processing category Glove Holder's item: https://www.safcodental.com/product/wire-glove-box-holder
2026-06-19 23:47:37 - INFO - product page loaded successfully: https://www.safcodental.com/product/wire-glove-box-holder
2026-06-19 23:47:37 - INFO - AFC is enabled with max remote calls: 10.
2026-06-19 23:47:43 - INFO - HTTP Request: POST https://generativelanguage.googleapis.com/v1beta/models/gemini-flash-latest:generateContent "HTTP/1.1 200 OK"
2026-06-19 23:47:44 - INFO - Item processed successfully
2026-06-19 23:47:44 - INFO - page processed successfully
2026-06-19 23:47:44 - INFO - ---- Category processed successfully
2026-06-19 23:47:44 - INFO - --------------------------------------------
2026-06-19 23:47:44 - INFO - starting to process category: Latex gloves
2026-06-19 23:47:45 - INFO - Category items for the page loaded successfully: Latex gloves
2026-06-19 23:47:45 - INFO - ---------
2026-06-19 23:47:45 - INFO - Processing category Latex gloves's item: https://www.safcodental.com/product/aurelia-reg-vibrant-trade
2026-06-19 23:54:35 - INFO - The application started successfully.
2026-06-19 23:54:38 - INFO - page loaded successfully: https://www.safcodental.com/catalog/gloves
2026-06-19 23:54:38 - INFO - DOM loaded successfully
2026-06-19 23:54:38 - INFO - AFC is enabled with max remote calls: 10.
2026-06-19 23:54:45 - INFO - HTTP Request: POST https://generativelanguage.googleapis.com/v1beta/models/gemini-flash-latest:generateContent "HTTP/1.1 200 OK"
2026-06-19 23:54:45 - INFO - Categories retrieved: ['Chloroprene gloves', 'Glove Holder', 'Latex gloves', 'Nitrile gloves', 'Surgical gloves', 'Vinyl gloves']
2026-06-19 23:54:45 - INFO - --------------------------------------------
2026-06-19 23:54:45 - INFO - starting to process category: Chloroprene gloves
2026-06-19 23:54:46 - INFO - Category items for the page loaded successfully: Chloroprene gloves
2026-06-19 23:54:46 - INFO - ---------
2026-06-19 23:54:46 - INFO - Processing category Chloroprene gloves's item: https://www.safcodental.com/product/ocean-pacific-sup-reg-sup-neonatural-sup-trade-sup
2026-06-19 23:54:48 - INFO - product page loaded successfully: https://www.safcodental.com/product/ocean-pacific-sup-reg-sup-neonatural-sup-trade-sup
2026-06-19 23:54:48 - INFO - AFC is enabled with max remote calls: 10.
2026-06-19 23:54:54 - INFO - HTTP Request: POST https://generativelanguage.googleapis.com/v1beta/models/gemini-flash-latest:generateContent "HTTP/1.1 200 OK"
2026-06-19 23:54:54 - INFO - Item processed successfully
2026-06-19 23:54:55 - INFO - ---------
2026-06-19 23:54:55 - INFO - Processing category Chloroprene gloves's item: https://www.safcodental.com/product/true-comfort-reg-blu
2026-06-19 23:54:57 - INFO - product page loaded successfully: https://www.safcodental.com/product/true-comfort-reg-blu
2026-06-19 23:54:57 - INFO - AFC is enabled with max remote calls: 10.
2026-06-19 23:55:05 - INFO - HTTP Request: POST https://generativelanguage.googleapis.com/v1beta/models/gemini-flash-latest:generateContent "HTTP/1.1 200 OK"
2026-06-19 23:55:05 - INFO - Item processed successfully
2026-06-19 23:55:05 - INFO - ---------
2026-06-19 23:55:05 - INFO - Processing category Chloroprene gloves's item: https://www.safcodental.com/product/microflex-sup-reg-sup-neogard-sup-reg-sup
2026-06-19 23:55:08 - INFO - product page loaded successfully: https://www.safcodental.com/product/microflex-sup-reg-sup-neogard-sup-reg-sup
2026-06-19 23:55:08 - INFO - AFC is enabled with max remote calls: 10.
2026-06-19 23:55:14 - INFO - HTTP Request: POST https://generativelanguage.googleapis.com/v1beta/models/gemini-flash-latest:generateContent "HTTP/1.1 200 OK"
2026-06-19 23:55:14 - INFO - Item processed successfully
2026-06-19 23:55:14 - INFO - ---------
2026-06-19 23:55:14 - INFO - Processing category Chloroprene gloves's item: https://www.safcodental.com/product/safco-ez-green-chloroprene
2026-06-19 23:55:17 - INFO - product page loaded successfully: https://www.safcodental.com/product/safco-ez-green-chloroprene
2026-06-19 23:55:17 - INFO - AFC is enabled with max remote calls: 10.
2026-06-19 23:55:24 - INFO - HTTP Request: POST https://generativelanguage.googleapis.com/v1beta/models/gemini-flash-latest:generateContent "HTTP/1.1 200 OK"
2026-06-19 23:55:24 - INFO - Item processed successfully
2026-06-19 23:55:24 - INFO - page processed successfully
2026-06-19 23:55:25 - INFO - ---- Category processed successfully
2026-06-19 23:55:25 - INFO - --------------------------------------------
2026-06-19 23:55:25 - INFO - starting to process category: Glove Holder
2026-06-19 23:55:25 - INFO - Category items for the page loaded successfully: Glove Holder
2026-06-19 23:55:25 - INFO - ---------
2026-06-19 23:55:25 - INFO - Processing category Glove Holder's item: https://www.safcodental.com/product/wire-glove-box-holder
2026-06-19 23:55:28 - INFO - product page loaded successfully: https://www.safcodental.com/product/wire-glove-box-holder
2026-06-19 23:55:28 - INFO - AFC is enabled with max remote calls: 10.
2026-06-19 23:55:28 - INFO - HTTP Request: POST https://generativelanguage.googleapis.com/v1beta/models/gemini-flash-latest:generateContent "HTTP/1.1 429 Too Many Requests"
2026-06-19 23:57:21 - INFO - The application started successfully.
2026-06-19 23:57:24 - INFO - page loaded successfully: https://www.safcodental.com/catalog/gloves
2026-06-19 23:57:24 - INFO - DOM loaded successfully
2026-06-19 23:57:24 - INFO - AFC is enabled with max remote calls: 10.
2026-06-19 23:57:31 - INFO - HTTP Request: POST https://generativelanguage.googleapis.com/v1beta/models/gemini-flash-latest:generateContent "HTTP/1.1 200 OK"
2026-06-19 23:57:31 - INFO - Categories retrieved: ['Chloroprene gloves', 'Glove Holder', 'Latex gloves', 'Nitrile gloves', 'Surgical gloves', 'Vinyl gloves']
2026-06-19 23:57:31 - INFO - --------------------------------------------
2026-06-19 23:57:31 - INFO - starting to process category: Chloroprene gloves
2026-06-19 23:57:32 - INFO - Category items for the page loaded successfully: Chloroprene gloves
2026-06-19 23:57:32 - INFO - ---------
2026-06-19 23:57:32 - INFO - Processing category Chloroprene gloves's item: https://www.safcodental.com/product/ocean-pacific-sup-reg-sup-neonatural-sup-trade-sup
2026-06-19 23:57:34 - INFO - product page loaded successfully: https://www.safcodental.com/product/ocean-pacific-sup-reg-sup-neonatural-sup-trade-sup
2026-06-19 23:57:34 - INFO - AFC is enabled with max remote calls: 10.
2026-06-19 23:57:34 - INFO - HTTP Request: POST https://generativelanguage.googleapis.com/v1beta/models/gemini-flash-latest:generateContent "HTTP/1.1 429 Too Many Requests"
2026-06-20 00:01:02 - INFO - The application started successfully.
2026-06-20 00:01:06 - INFO - page loaded successfully: https://www.safcodental.com/catalog/gloves
2026-06-20 00:01:06 - INFO - DOM loaded successfully
2026-06-20 00:01:06 - INFO - AFC is enabled with max remote calls: 10.
2026-06-20 00:01:06 - INFO - HTTP Request: POST https://generativelanguage.googleapis.com/v1beta/models/gemini-flash-latest:generateContent "HTTP/1.1 429 Too Many Requests"
2026-06-20 00:03:55 - INFO - The application started successfully.
2026-06-20 00:03:58 - INFO - page loaded successfully: https://www.safcodental.com/catalog/gloves
2026-06-20 00:03:58 - INFO - DOM loaded successfully
2026-06-20 00:03:58 - INFO - AFC is enabled with max remote calls: 10.
2026-06-20 00:07:12 - INFO - The application started successfully.
2026-06-20 00:07:15 - INFO - page loaded successfully: https://www.safcodental.com/catalog/gloves
2026-06-20 00:07:15 - INFO - DOM loaded successfully
2026-06-20 00:07:15 - INFO - AFC is enabled with max remote calls: 10.
2026-06-20 00:08:40 - INFO - HTTP Request: POST https://generativelanguage.googleapis.com/v1beta/models/gemini-3-flash-preview:generateContent "HTTP/1.1 200 OK"
